// Jest Snapshot v1, https://goo.gl/fbAQLP

exports[`Pruebas en <FirstApp /> Debe de hacer Match con el Snapshot 1`] = `
<div>
  <h1
    data-testid="test-title"
  >
     
    Hola, soy Migue
     
  </h1>
  <p />
  <p />
  <p>
    Miguel Merelli 
  </p>
</div>
`;
