// Jest Snapshot v1, https://goo.gl/fbAQLP

exports[`Pruebas en <FirstApp /> Debe de hacer match con el snapshot 1`] = `
<div>
  <h1
    data-testid="test-title"
  >
     
    {title}
     
  </h1>
  <p />
  <p />
  <p>
    Miguel Merelli 
  </p>
</div>
`;
